Microchip MPLAB XC8 Compiler V2.36

Linker command line:

-W-3 --edf=C:\Program Files\Microchip\xc8\v2.36\pic\dat\en_msgs.txt -cn \
  -h+dist/default/production\SIM800x.X.production.sym \
  --cmf=dist/default/production\SIM800x.X.production.cmf -z -Q18F452 \
  -oC:\Users\Admin\AppData\Local\Temp\xcAsff8.4 --defsym=__MPLAB_BUILD=1 \
  -Mdist/default/production/SIM800x.X.production.map \
  --md=C:\Users\Admin\AppData\Local\Temp\xcAsff8.dat -E1 -ver=XC8 Compiler \
  --acfsm=1493 -ACODE=00h-03FFFhx2 -ACONST=00h-07FFFh \
  -ASMALLCONST=0600h-06FFhx122 -AMEDIUMCONST=0600h-07FFFh -ACOMRAM=01h-07Fh \
  -AABS1=00h-05FFh -ABIGRAM=01h-05FFh -ARAM=080h-0FFh,0100h-01FFhx5 \
  -ABANK0=080h-0FFh -ABANK1=0100h-01FFh -ABANK2=0200h-02FFh \
  -ABANK3=0300h-03FFh -ABANK4=0400h-04FFh -ABANK5=0500h-05FFh \
  -ASFR=0F80h-0FFFh -ABIGSFR=0F80h-0FFFh -ACONFIG=0300000h-030000Dh \
  -AIDLOC=0200000h-0200007h -AEEDATA=0F00000h-0F000FFh -peeprom_data=EEDATA \
  -preset_vec=00h,intcode=08h,intcodelo,powerup,init -pramtop=0600h \
  -psmallconst=SMALLCONST -pmediumconst=MEDIUMCONST -pconst=CONST \
  -AFARRAM=00h-00h \
  -prdata=COMRAM,nvrram=COMRAM,nvbit=COMRAM,rbss=COMRAM,rbit=COMRAM \
  -pfarbss=FARRAM,fardata=FARRAM,nvFARRAM=FARRAM \
  -pintsave_regs=BIGRAM,bigbss=BIGRAM,bigdata=BIGRAM -pbss=RAM \
  -pidata=CODE,irdata=CODE,ibigdata=CODE,ifardata=CODE -prparam=COMRAM \
  C:\Users\Admin\AppData\Local\Temp\xcAsff8.o \
  dist/default/production\SIM800x.X.production.o 

Object code version is 3.11

Machine type is 18F452



                Name                               Link     Load   Length Selector   Space Scale
C:\Users\Admin\AppData\Local\Temp\xcAsff8.o
                idloc                            200000   200000        8        0       5
                config                           300000   300000        E        0       4
                text                               21C2     21C2        2        4       0
                init                                 2E       2E        4        4       0
                reset_vec                             0        0        6        0       0
dist/default/production\SIM800x.X.production.o
                intcode                               8        8       26        4       0
                idloc                            200000   200000        8        0       5
                config                           300000   300000        E        0       4
                temp                                 6E       6E        1        1       1
                mediumconst                        798E     798E      672     3CC7       0
                text50                             212E     212E       18        4       0
                text49                             1E58     1E58       50        4       0
                text48                             1CB2     1CB2       58        4       0
                text47                             1860     1860       84        4       0
                text46                             1584     1584       A0        4       0
                text45                             201C     201C       3C        4       0
                text43                               32       32      2E8        4       0
                text42                             215C     215C       16        4       0
                text41                             1E08     1E08       50        4       0
                text40                             1EA8     1EA8       4E        4       0
                text39                             208A     208A       32        4       0
                text38                             2146     2146       16        4       0
                text37                             1250     1250      12E        4       0
                text36                             1C54     1C54       5E        4       0
                text35                              F7C      F7C      196        4       0
                text34                             137E     137E      104        4       0
                text33                             219A     219A       12        4       0
                text32                             1BF4     1BF4       60        4       0
                text31                             210C     210C       22        4       0
                text30                             1EF6     1EF6       4C        4       0
                text29                             1DB4     1DB4       54        4       0
                text28                             1D60     1D60       54        4       0
                text27                             1FD6     1FD6       46        4       0
                text26                             1624     1624       9E        4       0
                text25                             1482     1482      102        4       0
                text24                             18E4     18E4       7E        4       0
                text23                             1F8C     1F8C       4A        4       0
                text22                             1B28     1B28       6C        4       0
                text21                             1ABC     1ABC       6C        4       0
                text20                             20EA     20EA       22        4       0
                text19                             2186     2186       14        4       0
                text18                             16C2     16C2       90        4       0
                text17                             19D6     19D6       74        4       0
                text16                             1A4A     1A4A       72        4       0
                text15                             1962     1962       74        4       0
                text14                              59A      59A      262        4       0
                text13                             1112     1112      13E        4       0
                text12                             2172     2172       14        4       0
                text11                             1D0A     1D0A       56        4       0
                text10                             1B94     1B94       60        4       0
                text9                               C28      C28      1BA        4       0
                text8                               7FC      7FC      222        4       0
                text7                              2058     2058       32        4       0
                text6                               A1E      A1E      20A        4       0
                text5                               31A      31A      280        4       0
                text4                              17DC     17DC       84        4       0
                text3                              1F42     1F42       4A        4       0
                text2                              20BC     20BC       2E        4       0
                text1                               DE2      DE2      19A        4       0
                text0                              21AC     21AC        E        4       0
                cstackCOMRAM                          1        1       5C        1       1
                cstackBANK0                          C6       C6       29       80       1
                cstackBANK1                         1DC      1DC       1D      100       1
                bssBANK3                            300      300       C8      300       1
                bssBANK2                            200      200       F0      200       1
                bssBANK1                            100      100       DC      100       1
                dataBANK0                            EF       EF        4       80       1
                bssBANK0                             80       80       46       80       1
                dataCOMRAM                           6A       6A        4        1       1
                bssCOMRAM                            5D       5D        D        1       1
                cinit                              1752     1752       8A        4       0
                idataBANK0                         21BE     21BE        4        4       0
                idataCOMRAM                        21BA     21BA        4        4       0

TOTAL           Name                               Link     Load   Length     Space
        CLASS   CODE           
                intcode                               8        8       26         0
                text                               21C2     21C2        2         0
                init                                 2E       2E        4         0
                reset_vec                             0        0        6         0
                text50                             212E     212E       18         0
                text49                             1E58     1E58       50         0
                text48                             1CB2     1CB2       58         0
                text47                             1860     1860       84         0
                text46                             1584     1584       A0         0
                text45                             201C     201C       3C         0
                text43                               32       32      2E8         0
                text42                             215C     215C       16         0
                text41                             1E08     1E08       50         0
                text40                             1EA8     1EA8       4E         0
                text39                             208A     208A       32         0
                text38                             2146     2146       16         0
                text37                             1250     1250      12E         0
                text36                             1C54     1C54       5E         0
                text35                              F7C      F7C      196         0
                text34                             137E     137E      104         0
                text33                             219A     219A       12         0
                text32                             1BF4     1BF4       60         0
                text31                             210C     210C       22         0
                text30                             1EF6     1EF6       4C         0
                text29                             1DB4     1DB4       54         0
                text28                             1D60     1D60       54         0
                text27                             1FD6     1FD6       46         0
                text26                             1624     1624       9E         0
                text25                             1482     1482      102         0
                text24                             18E4     18E4       7E         0
                text23                             1F8C     1F8C       4A         0
                text22                             1B28     1B28       6C         0
                text21                             1ABC     1ABC       6C         0
                text20                             20EA     20EA       22         0
                text19                             2186     2186       14         0
                text18                             16C2     16C2       90         0
                text17                             19D6     19D6       74         0
                text16                             1A4A     1A4A       72         0
                text15                             1962     1962       74         0
                text14                              59A      59A      262         0
                text13                             1112     1112      13E         0
                text12                             2172     2172       14         0
                text11                             1D0A     1D0A       56         0
                text10                             1B94     1B94       60         0
                text9                               C28      C28      1BA         0
                text8                               7FC      7FC      222         0
                text7                              2058     2058       32         0
                text6                               A1E      A1E      20A         0
                text5                               31A      31A      280         0
                text4                              17DC     17DC       84         0
                text3                              1F42     1F42       4A         0
                text2                              20BC     20BC       2E         0
                text1                               DE2      DE2      19A         0
                text0                              21AC     21AC        E         0
                cinit                              1752     1752       8A         0
                idataBANK0                         21BE     21BE        4         0
                idataCOMRAM                        21BA     21BA        4         0

        CLASS   CONST          

        CLASS   SMALLCONST     

        CLASS   MEDIUMCONST    
                mediumconst                        798E     798E      672         0

        CLASS   COMRAM         
                temp                                 6E       6E        1         1
                cstackCOMRAM                          1        1       5C         1
                dataCOMRAM                           6A       6A        4         1
                bssCOMRAM                            5D       5D        D         1

        CLASS   ABS1           

        CLASS   BIGRAM         

        CLASS   RAM            

        CLASS   BANK0          
                cstackBANK0                          C6       C6       29         1
                dataBANK0                            EF       EF        4         1
                bssBANK0                             80       80       46         1

        CLASS   BANK1          
                cstackBANK1                         1DC      1DC       1D         1
                bssBANK1                            100      100       DC         1

        CLASS   BANK2          
                bssBANK2                            200      200       F0         1

        CLASS   BANK3          
                bssBANK3                            300      300       C8         1

        CLASS   BANK4          

        CLASS   BANK5          

        CLASS   SFR            

        CLASS   BIGSFR         

        CLASS   CONFIG         
                config                           300000   300000        E         4

        CLASS   IDLOC          
                idloc                            200000   200000        8         5

        CLASS   EEDATA         

        CLASS   FARRAM         

        CLASS   HEAP           

        CLASS   STACK          



SEGMENTS        Name                           Load    Length   Top    Selector   Space  Class

                reset_vec                      000000  000006  000006         0       0  CODE    
                cstackCOMRAM                   000001  00006E  00006F         1       1  COMRAM  
                intcode                        000008  0021BC  0021C4         4       0  CODE    
                bssBANK0                       000080  000073  0000F3        80       1  BANK0   
                bssBANK1                       000100  0000F9  0001F9       100       1  BANK1   
                bssBANK2                       000200  0000F0  0002F0       200       1  BANK2   
                bssBANK3                       000300  0000C8  0003C8       300       1  BANK3   
                mediumconst                    00798E  000672  008000      3CC7       0  MEDIUMCO


UNUSED ADDRESS RANGES

        Name                Unused          Largest block    Delta
        BANK0            0000F3-0000FF                D
        BANK1            0001F9-0001FF                7
        BANK2            0002F0-0002FF               10
        BANK3            0003C8-0003FF               38
        BANK4            000400-0004FF              100
        BANK5            000500-0005FF              100
        BIGRAM           00006F-00007F               11
                         0000F3-0000FF                D
                         0001F9-0001FF                7
                         0002F0-0002FF               10
                         0003C8-0005FF              238
        BIGSFR           000F80-000FFF               80
        CODE             000006-000007                2
                         0021C4-00798D             1E3C
        COMRAM           00006F-00007F               11
        CONST            000006-000007                2
                         0021C4-00798D             57CA
        EEDATA           F00000-F000FF              100
        MEDIUMCONST      0021C4-00798D             57CA
        RAM              0000F3-0000FF                D
                         0001F9-0001FF                7
                         0002F0-0002FF               10
                         0003C8-0005FF              100
        SFR              000F80-000FFF               80
        SMALLCONST       0021C4-00798D              100

                                  Symbol Table

?_SIM800xSDMReadF1Pkt                                         cstackCOMRAM 000017
?_SIM800xSDMRxAvailable                                       cstackCOMRAM 000013
?_SoftUARTReceiveByte                                         cstackCOMRAM 000014
?_StrToInt                                                    cstackCOMRAM 00001A
?_Tick_ms                                                     cstackCOMRAM 00000E
?___awmod                                                     cstackCOMRAM 00000E
?___lldiv                                                     cstackCOMRAM 00000E
?___llmod                                                     cstackCOMRAM 00001B
?___lmul                                                      cstackCOMRAM 00000E
?___lwmod                                                     cstackCOMRAM 00000E
?_sprintf                                                     cstackCOMRAM 000024
?_strlen                                                      cstackCOMRAM 00000E
?i2___awmod                                                   cstackCOMRAM 000001
?i2___lwmod                                                   cstackCOMRAM 000001
AddEntryToJsonObject@Cpos                                     cstackCOMRAM 000014
AddEntryToJsonObject@JsonObject                               cstackCOMRAM 00000E
AddEntryToJsonObject@key                                      cstackCOMRAM 000010
AddEntryToJsonObject@offset                                   cstackCOMRAM 00001A
AddEntryToJsonObject@value                                    cstackCOMRAM 000012
ProcessResp1@c                                                cstackCOMRAM 00001F
ProcessResp1@time                                             cstackCOMRAM 00001B
ProcessResp2@res                                              cstackCOMRAM 00002F
ProcessResp2@str                                              cstackCOMRAM 000025
ProcessResp2@time                                             cstackCOMRAM 00002B
ProcessResp4@ec                                               cstackCOMRAM 00002E
ProcessResp4@res                                              cstackCOMRAM 00004C
ProcessResp4@str                                              cstackCOMRAM 000034
ProcessResp4@time                                             cstackCOMRAM 000048
SIM800xHTTPAction@cnt                                         cstackCOMRAM 00003E
SIM800xHTTPAction@errcode                                     cstackCOMRAM 000044
SIM800xHTTPAction@method                                      cstackBANK0  0000E8
SIM800xHTTPAction@res                                         cstackBANK0  0000ED
SIM800xHTTPAction@statuscode                                  cstackCOMRAM 00003C
SIM800xHTTPAction@str                                         cstackBANK0  0000C6
SIM800xHTTPAction@t                                           cstackBANK0  0000E4
SIM800xHTTPAction@time                                        cstackBANK0  0000E9
SIM800xHTTPAction@tout                                        cstackCOMRAM 000040
SIM800xHTTPInit@errcode                                       cstackCOMRAM 00004E
SIM800xHTTPInputData@cnt                                      cstackCOMRAM 00003E
SIM800xHTTPInputData@data                                     cstackCOMRAM 00003C
SIM800xHTTPInputData@errcode                                  cstackCOMRAM 000046
SIM800xHTTPInputData@len                                      cstackBANK0  0000E4
SIM800xHTTPInputData@res                                      cstackBANK0  0000EC
SIM800xHTTPInputData@str                                      cstackBANK0  0000C6
SIM800xHTTPInputData@time                                     cstackBANK0  0000E8
SIM800xHTTPInputData@timeout                                  cstackCOMRAM 000042
SIM800xHTTPRead@cnt                                           cstackCOMRAM 000046
SIM800xHTTPRead@data                                          cstackCOMRAM 00003C
SIM800xHTTPRead@errcode                                       cstackCOMRAM 000048
SIM800xHTTPRead@res                                           cstackBANK0  0000EC
SIM800xHTTPRead@size                                          cstackCOMRAM 000042
SIM800xHTTPRead@str                                           cstackBANK0  0000C6
SIM800xHTTPRead@strindex                                      cstackCOMRAM 00003E
SIM800xHTTPRead@sz                                            cstackBANK0  0000E4
SIM800xHTTPRead@time                                          cstackBANK0  0000E8
SIM800xHTTPSetContent@content                                 cstackCOMRAM 00004E
SIM800xHTTPSetContent@errcode                                 cstackCOMRAM 000050
SIM800xHTTPSetURL@errcode                                     cstackCOMRAM 000050
SIM800xHTTPSetURL@url                                         cstackCOMRAM 00004E
SIM800xIPGetState@cid                                         cstackCOMRAM 00005A
SIM800xIPGetState@i                                           cstackCOMRAM 00005C
SIM800xIPGetState@ip                                          cstackCOMRAM 000031
SIM800xIPGetState@len                                         cstackCOMRAM 00005B
SIM800xIPGetState@res                                         cstackCOMRAM 000059
SIM800xIPGetState@str                                         cstackCOMRAM 000037
SIM800xIPGetState@time1                                       cstackCOMRAM 000055
SIM800xIPOpen@cid                                             cstackCOMRAM 000020
SIM800xIPSetAPN@apn                                           cstackCOMRAM 000020
SIM800xIPSetAPN@cid                                           cstackCOMRAM 000022
SIM800xIPSetConnectionType@cid                                cstackCOMRAM 000022
SIM800xIPSetConnectionType@contype                            cstackCOMRAM 000020
SIM800xInit@br                                                cstackCOMRAM 00003C
SIM800xInit@c                                                 cstackCOMRAM 000051
SIM800xInit@str                                               cstackCOMRAM 000040
SIM800xInit@tmp                                               cstackCOMRAM 00004F
SIM800xSDMCallBack@next                                       cstackCOMRAM 000007
SIM800xSDMCallBack@tmp                                        cstackCOMRAM 000006
SIM800xSDMInit@br                                             cstackCOMRAM 00001B
SIM800xSDMInit@val                                            cstackCOMRAM 000023
SIM800xSDMPeek@idx                                            cstackCOMRAM 000010
SIM800xSDMPrint@str                                           cstackCOMRAM 00000F
SIM800xSDMReadByte@data                                       cstackCOMRAM 000013
SIM800xSDMReadF1Pkt@data                                      cstackCOMRAM 000017
SIM800xSDMReadF1Pkt@i                                         cstackCOMRAM 00001F
SIM800xSDMReadF1Pkt@time                                      cstackCOMRAM 000020
SIM800xSDMReadF1Pkt@tmp                                       cstackCOMRAM 000024
SIM800xSDMReadF1Pkt@val                                       cstackCOMRAM 00001D
SIM800xSDMSendByte@data                                       cstackCOMRAM 00000E
SIM800xSDMSendBytes@cnt                                       cstackCOMRAM 000010
SIM800xSDMSendBytes@data                                      cstackCOMRAM 00000E
SoftUARTCallBack@k                                            cstackCOMRAM 00000B
SoftUARTCallBack@next                                         cstackCOMRAM 00000A
SoftUARTCallBack@rxtmp                                        cstackCOMRAM 000009
SoftUARTPrint@str                                             cstackCOMRAM 000011
SoftUARTReceiveByte@data                                      cstackCOMRAM 000016
SoftUARTTransmitByte@data                                     cstackCOMRAM 00000E
SoftUARTTransmitByte@k                                        cstackCOMRAM 000010
SoftUARTTransmitByte@tmp                                      cstackCOMRAM 00000F
StrToInt@ctrl                                                 cstackCOMRAM 000028
StrToInt@i                                                    cstackCOMRAM 00002D
StrToInt@j                                                    cstackCOMRAM 000027
StrToInt@po                                                   cstackCOMRAM 000029
StrToInt@start                                                cstackCOMRAM 00001C
StrToInt@stop                                                 cstackCOMRAM 00001D
StrToInt@str                                                  cstackCOMRAM 00001A
StrToInt@val                                                  cstackCOMRAM 000023
SystemInit@err                                                cstackBANK0  0000DA
SystemInit@ip                                                 cstackBANK0  0000C6
SystemTask@cmd                                                cstackBANK1  0001F0
SystemTask@cnt                                                cstackBANK1  0001F5
SystemTask@errcode                                            cstackBANK1  0001F3
SystemTask@msg                                                cstackBANK1  0001DC
SystemTask@scode                                              cstackBANK1  0001F1
USARTAsyncInit@bgr                                            cstackCOMRAM 00000E
USARTReceiveByte@data                                         cstackCOMRAM 000001
Wait_ms@value                                                 cstackCOMRAM 00000E
Wait_ms@x                                                     cstackCOMRAM 000016
_AddEntryToJsonObject                                         text43       000032
_CREN                                                         (abs)        007D5C
_DecVar                                                       bssBANK0     0000BC
_GIE                                                          (abs)        007F97
_INT0IE                                                       (abs)        007F94
_INT0IF                                                       (abs)        007F91
_INTCON                                                       (abs)        000FF2
_INTCON2                                                      (abs)        000FF1
_INTCONbits                                                   (abs)        000FF2
_IO                                                           (abs)        000F80
_IncVar                                                       bssCOMRAM    00005D
_Isr                                                          intcode      000008
_OERR                                                         (abs)        007D59
_PIE1                                                         (abs)        000F9D
_ProcessResp1                                                 text24       0018E4
_ProcessResp2                                                 text26       001624
_ProcessResp4                                                 text34       00137E
_RCIF                                                         (abs)        007CF5
_RCREG                                                        (abs)        000FAE
_RCSTA                                                        (abs)        000FAB
_RxFIFO                                                       bssBANK2     000200
_RxFIFO@SIM800x_SDM$F1166                                     bssBANK3     000300
_Rxfifocurrent                                                bssCOMRAM    000068
_Rxfifocurrent@SIM800x_SDM$F1168                              bssCOMRAM    000061
_Rxfifoptr                                                    bssCOMRAM    000069
_Rxfifoptr@SIM800x_SDM$F1167                                  bssCOMRAM    000063
_Rxstatus                                                     bssCOMRAM    000067
_SIM800xHTTPAction                                            text8        0007FC
_SIM800xHTTPInit                                              text31       00210C
_SIM800xHTTPInputData                                         text6        000A1E
_SIM800xHTTPRead                                              text5        00031A
_SIM800xHTTPSetContent                                        text29       001DB4
_SIM800xHTTPSetURL                                            text28       001D60
_SIM800xIPGetState                                            text25       001482
_SIM800xIPOpen                                                text23       001F8C
_SIM800xIPSetAPN                                              text22       001B28
_SIM800xIPSetConnectionType                                   text21       001ABC
_SIM800xInit                                                  text13       001112
_SIM800xSDMCallBack                                           text48       001CB2
_SIM800xSDMFlush                                              text42       00215C
_SIM800xSDMInit                                               text17       0019D6
_SIM800xSDMPeek                                               text27       001FD6
_SIM800xSDMPrint                                              text32       001BF4
_SIM800xSDMReadByte                                           text40       001EA8
_SIM800xSDMReadF1Pkt                                          text37       001250
_SIM800xSDMRxAvailable                                        text39       00208A
_SIM800xSDMSendByte                                           text33       00219A
_SIM800xSDMSendBytes                                          text7        002058
_SPBRG                                                        (abs)        000FAF
_SoftUARTCallBack                                             text46       001584
_SoftUARTInit                                                 text12       002172
_SoftUARTPrint                                                text10       001B94
_SoftUARTReceiveByte                                          text3        001F42
_SoftUARTRxAvailable                                          text2        0020BC
_SoftUARTTransmitByte                                         text11       001D0A
_StrToInt                                                     text35       000F7C
_SysTimeCallBack                                              text45       00201C
_SystemInit                                                   text9        000C28
_SystemTask                                                   text1        000DE2
_SystimeInit                                                  text20       0020EA
_T0CON                                                        (abs)        000FD5
_TMR0                                                         (abs)        000FD6
_TMR0IE                                                       (abs)        007F95
_TMR0IF                                                       (abs)        007F92
_TXREG                                                        (abs)        000FAD
_TXSTA                                                        (abs)        000FAC
_TXSTAbits                                                    (abs)        000FAC
_Tick_ms                                                      text38       002146
_Tout                                                         dataCOMRAM   00006A
_USARTAsyncInit                                               text19       002186
_USARTReceiveByte                                             text50       00212E
_Wait_ms                                                      text16       001A4A
__HRAM                                                        (abs)        000000
__Habs1                                                       abs1         000000
__Hbank0                                                      bank0        000000
__Hbank1                                                      bank1        000000
__Hbank2                                                      bank2        000000
__Hbank3                                                      bank3        000000
__Hbank4                                                      bank4        000000
__Hbank5                                                      bank5        000000
__Hbigbss                                                     bigbss       000000
__Hbigdata                                                    bigdata      000000
__Hbigram                                                     bigram       000000
__Hbigsfr                                                     bigsfr       000000
__Hbss                                                        bss          000000
__HbssBANK0                                                   bssBANK0     000000
__HbssBANK1                                                   bssBANK1     000000
__HbssBANK2                                                   bssBANK2     000000
__HbssBANK3                                                   bssBANK3     000000
__HbssCOMRAM                                                  bssCOMRAM    000000
__Hcinit                                                      cinit        000000
__Hclrtext                                                    clrtext      000000
__Hcomram                                                     comram       000000
__Hconfig                                                     config       30000E
__Hconst                                                      const        000000
__HcstackBANK0                                                cstackBANK0  000000
__HcstackBANK1                                                cstackBANK1  000000
__HcstackCOMRAM                                               cstackCOMRAM 000000
__Hdata                                                       data         000000
__HdataBANK0                                                  dataBANK0    000000
__HdataCOMRAM                                                 dataCOMRAM   000000
__Heeprom_data                                                eeprom_data  000000
__Hfarbss                                                     farbss       000000
__Hfardata                                                    fardata      000000
__Hheap                                                       heap         000000
__Hibigdata                                                   ibigdata     000000
__Hidata                                                      idata        000000
__HidataBANK0                                                 idataBANK0   000000
__HidataCOMRAM                                                idataCOMRAM  000000
__Hidloc                                                      idloc        200008
__Hifardata                                                   ifardata     000000
__Hinit                                                       init         000032
__Hintcode                                                    intcode      00002E
__Hintcode_body                                               intcode_body 000000
__Hintcodelo                                                  intcodelo    00002E
__Hintentry                                                   intentry     000000
__Hintret                                                     intret       000000
__Hintsave_regs                                               intsave_regs 000000
__Hirdata                                                     irdata       000000
__Hmediumconst                                                mediumconst  008000
__HnvFARRAM                                                   nvFARRAM     000000
__Hnvbit                                                      nvbit        000000
__Hnvrram                                                     nvrram       000000
__Hparam                                                      rparam       000000
__Hpowerup                                                    powerup      00002E
__Hram                                                        ram          000000
__Hramtop                                                     ramtop       000600
__Hrbit                                                       rbit         000000
__Hrbss                                                       rbss         000000
__Hrdata                                                      rdata        000000
__Hreset_vec                                                  reset_vec    000006
__Hrparam                                                     rparam       000000
__Hsfr                                                        sfr          000000
__Hsmallconst                                                 smallconst   000000
__Hspace_0                                                    (abs)        008000
__Hspace_1                                                    (abs)        0003C8
__Hspace_2                                                    (abs)        000000
__Hspace_4                                                    (abs)        60000E
__Hstack                                                      stack        000000
__Hstruct                                                     struct       000000
__Htemp                                                       temp         00006F
__Htext                                                       text         000000
__Htext0                                                      text0        000000
__Htext1                                                      text1        000000
__Htext10                                                     text10       000000
__Htext11                                                     text11       000000
__Htext12                                                     text12       000000
__Htext13                                                     text13       000000
__Htext14                                                     text14       000000
__Htext15                                                     text15       000000
__Htext16                                                     text16       000000
__Htext17                                                     text17       000000
__Htext18                                                     text18       000000
__Htext19                                                     text19       000000
__Htext2                                                      text2        000000
__Htext20                                                     text20       000000
__Htext21                                                     text21       000000
__Htext22                                                     text22       000000
__Htext23                                                     text23       000000
__Htext24                                                     text24       000000
__Htext25                                                     text25       000000
__Htext26                                                     text26       000000
__Htext27                                                     text27       000000
__Htext28                                                     text28       000000
__Htext29                                                     text29       000000
__Htext3                                                      text3        000000
__Htext30                                                     text30       000000
__Htext31                                                     text31       000000
__Htext32                                                     text32       000000
__Htext33                                                     text33       000000
__Htext34                                                     text34       000000
__Htext35                                                     text35       000000
__Htext36                                                     text36       000000
__Htext37                                                     text37       000000
__Htext38                                                     text38       000000
__Htext39                                                     text39       000000
__Htext4                                                      text4        000000
__Htext40                                                     text40       000000
__Htext41                                                     text41       000000
__Htext42                                                     text42       000000
__Htext43                                                     text43       000000
__Htext45                                                     text45       000000
__Htext46                                                     text46       000000
__Htext47                                                     text47       000000
__Htext48                                                     text48       000000
__Htext49                                                     text49       000000
__Htext5                                                      text5        000000
__Htext50                                                     text50       000000
__Htext6                                                      text6        000000
__Htext7                                                      text7        000000
__Htext8                                                      text8        000000
__Htext9                                                      text9        000000
__LRAM                                                        (abs)        000001
__Labs1                                                       abs1         000000
__Lbank0                                                      bank0        000000
__Lbank1                                                      bank1        000000
__Lbank2                                                      bank2        000000
__Lbank3                                                      bank3        000000
__Lbank4                                                      bank4        000000
__Lbank5                                                      bank5        000000
__Lbigbss                                                     bigbss       000000
__Lbigdata                                                    bigdata      000000
__Lbigram                                                     bigram       000000
__Lbigsfr                                                     bigsfr       000000
__Lbss                                                        bss          000000
__LbssBANK0                                                   bssBANK0     000000
__LbssBANK1                                                   bssBANK1     000000
__LbssBANK2                                                   bssBANK2     000000
__LbssBANK3                                                   bssBANK3     000000
__LbssCOMRAM                                                  bssCOMRAM    000000
__Lcinit                                                      cinit        000000
__Lclrtext                                                    clrtext      000000
__Lcomram                                                     comram       000000
__Lconfig                                                     config       000000
__Lconst                                                      const        000000
__LcstackBANK0                                                cstackBANK0  000000
__LcstackBANK1                                                cstackBANK1  000000
__LcstackCOMRAM                                               cstackCOMRAM 000000
__Ldata                                                       data         000000
__LdataBANK0                                                  dataBANK0    000000
__LdataCOMRAM                                                 dataCOMRAM   000000
__Leeprom_data                                                eeprom_data  000000
__Lfarbss                                                     farbss       000000
__Lfardata                                                    fardata      000000
__Lheap                                                       heap         000000
__Libigdata                                                   ibigdata     000000
__Lidata                                                      idata        000000
__LidataBANK0                                                 idataBANK0   000000
__LidataCOMRAM                                                idataCOMRAM  000000
__Lidloc                                                      idloc        000000
__Lifardata                                                   ifardata     000000
__Linit                                                       init         00002E
__Lintcode                                                    intcode      000008
__Lintcode_body                                               intcode_body 000000
__Lintcodelo                                                  intcodelo    00002E
__Lintentry                                                   intentry     000000
__Lintret                                                     intret       000000
__Lintsave_regs                                               intsave_regs 000000
__Lirdata                                                     irdata       000000
__Lmediumconst                                                mediumconst  00798E
__LnvFARRAM                                                   nvFARRAM     000000
__Lnvbit                                                      nvbit        000000
__Lnvrram                                                     nvrram       000000
__Lparam                                                      rparam       000000
__Lpowerup                                                    powerup      00002E
__Lram                                                        ram          000000
__Lramtop                                                     ramtop       000600
__Lrbit                                                       rbit         000000
__Lrbss                                                       rbss         000000
__Lrdata                                                      rdata        000000
__Lreset_vec                                                  reset_vec    000000
__Lrparam                                                     rparam       000000
__Lsfr                                                        sfr          000000
__Lsmallconst                                                 smallconst   000000
__Lspace_0                                                    (abs)        000000
__Lspace_1                                                    (abs)        000000
__Lspace_2                                                    (abs)        000000
__Lspace_4                                                    (abs)        000000
__Lstack                                                      stack        000000
__Lstruct                                                     struct       000000
__Ltemp                                                       temp         00006E
__Ltext                                                       text         000000
__Ltext0                                                      text0        000000
__Ltext1                                                      text1        000000
__Ltext10                                                     text10       000000
__Ltext11                                                     text11       000000
__Ltext12                                                     text12       000000
__Ltext13                                                     text13       000000
__Ltext14                                                     text14       000000
__Ltext15                                                     text15       000000
__Ltext16                                                     text16       000000
__Ltext17                                                     text17       000000
__Ltext18                                                     text18       000000
__Ltext19                                                     text19       000000
__Ltext2                                                      text2        000000
__Ltext20                                                     text20       000000
__Ltext21                                                     text21       000000
__Ltext22                                                     text22       000000
__Ltext23                                                     text23       000000
__Ltext24                                                     text24       000000
__Ltext25                                                     text25       000000
__Ltext26                                                     text26       000000
__Ltext27                                                     text27       000000
__Ltext28                                                     text28       000000
__Ltext29                                                     text29       000000
__Ltext3                                                      text3        000000
__Ltext30                                                     text30       000000
__Ltext31                                                     text31       000000
__Ltext32                                                     text32       000000
__Ltext33                                                     text33       000000
__Ltext34                                                     text34       000000
__Ltext35                                                     text35       000000
__Ltext36                                                     text36       000000
__Ltext37                                                     text37       000000
__Ltext38                                                     text38       000000
__Ltext39                                                     text39       000000
__Ltext4                                                      text4        000000
__Ltext40                                                     text40       000000
__Ltext41                                                     text41       000000
__Ltext42                                                     text42       000000
__Ltext43                                                     text43       000000
__Ltext45                                                     text45       000000
__Ltext46                                                     text46       000000
__Ltext47                                                     text47       000000
__Ltext48                                                     text48       000000
__Ltext49                                                     text49       000000
__Ltext5                                                      text5        000000
__Ltext50                                                     text50       000000
__Ltext6                                                      text6        000000
__Ltext7                                                      text7        000000
__Ltext8                                                      text8        000000
__Ltext9                                                      text9        000000
__S0                                                          (abs)        008000
__S1                                                          (abs)        0003C8
__S4                                                          (abs)        000000
__S5                                                          (abs)        000000
___awmod                                                      text4        0017DC
___awmod@counter                                              cstackCOMRAM 000012
___awmod@dividend                                             cstackCOMRAM 00000E
___awmod@divisor                                              cstackCOMRAM 000010
___awmod@sign                                                 cstackCOMRAM 000013
___heap_hi                                                    (abs)        000000
___heap_lo                                                    (abs)        000000
___inthi_sp                                                   stack        000000
___intlo_sp                                                   stack        000000
___lldiv                                                      text18       0016C2
___lldiv@counter                                              cstackCOMRAM 00001A
___lldiv@dividend                                             cstackCOMRAM 00000E
___lldiv@divisor                                              cstackCOMRAM 000012
___lldiv@quotient                                             cstackCOMRAM 000016
___llmod                                                      text15       001962
___llmod@counter                                              cstackCOMRAM 000023
___llmod@dividend                                             cstackCOMRAM 00001B
___llmod@divisor                                              cstackCOMRAM 00001F
___lmul                                                       text36       001C54
___lmul@multiplicand                                          cstackCOMRAM 000012
___lmul@multiplier                                            cstackCOMRAM 00000E
___lmul@product                                               cstackCOMRAM 000016
___lwmod                                                      text41       001E08
___lwmod@counter                                              cstackCOMRAM 000012
___lwmod@dividend                                             cstackCOMRAM 00000E
___lwmod@divisor                                              cstackCOMRAM 000010
___param_bank                                                 (abs)        000000
___rparam_used                                                (abs)        000001
___sp                                                         stack        000000
__accesstop                                                   (abs)        000080
__activetblptr                                                (abs)        000002
__cntErrataNOP_C:\Users\Admin\AppData\Local\Temp\xcAsff8.o    (abs)        000001
__cntErrataNOP_dist/default/production\SIM800x.X.production.o (abs)        000109
__end_of_AddEntryToJsonObject                                 text43       00031A
__end_of_Isr                                                  intcode      00002E
__end_of_OSC_FREQ                                             mediumconst  0079B8
__end_of_ProcessResp1                                         text24       001962
__end_of_ProcessResp2                                         text26       0016C2
__end_of_ProcessResp4                                         text34       001482
__end_of_SIM800xHTTPAction                                    text8        000A1E
__end_of_SIM800xHTTPInit                                      text31       00212E
__end_of_SIM800xHTTPInputData                                 text6        000C28
__end_of_SIM800xHTTPRead                                      text5        00059A
__end_of_SIM800xHTTPSetContent                                text29       001E08
__end_of_SIM800xHTTPSetURL                                    text28       001DB4
__end_of_SIM800xIPGetState                                    text25       001584
__end_of_SIM800xIPOpen                                        text23       001FD6
__end_of_SIM800xIPSetAPN                                      text22       001B94
__end_of_SIM800xIPSetConnectionType                           text21       001B28
__end_of_SIM800xInit                                          text13       001250
__end_of_SIM800xSDMCallBack                                   text48       001D0A
__end_of_SIM800xSDMFlush                                      text42       002172
__end_of_SIM800xSDMInit                                       text17       001A4A
__end_of_SIM800xSDMPeek                                       text27       00201C
__end_of_SIM800xSDMPrint                                      text32       001C54
__end_of_SIM800xSDMReadByte                                   text40       001EF6
__end_of_SIM800xSDMReadF1Pkt                                  text37       00137E
__end_of_SIM800xSDMRxAvailable                                text39       0020BC
__end_of_SIM800xSDMSendByte                                   text33       0021AC
__end_of_SIM800xSDMSendBytes                                  text7        00208A
__end_of_SoftUARTCallBack                                     text46       001624
__end_of_SoftUARTInit                                         text12       002186
__end_of_SoftUARTPrint                                        text10       001BF4
__end_of_SoftUARTReceiveByte                                  text3        001F8C
__end_of_SoftUARTRxAvailable                                  text2        0020EA
__end_of_SoftUARTTransmitByte                                 text11       001D60
__end_of_StrToInt                                             text35       001112
__end_of_SysTimeCallBack                                      text45       002058
__end_of_SystemInit                                           text9        000DE2
__end_of_SystemTask                                           text1        000F7C
__end_of_SystimeInit                                          text20       00210C
__end_of_Tick_ms                                              text38       00215C
__end_of_USARTAsyncInit                                       text19       00219A
__end_of_USARTReceiveByte                                     text50       002146
__end_of_Wait_ms                                              text16       001ABC
__end_of___awmod                                              text4        001860
__end_of___lldiv                                              text18       001752
__end_of___llmod                                              text15       0019D6
__end_of___lmul                                               text36       001CB2
__end_of___lwmod                                              text41       001E58
__end_of__initialization                                      cinit        0017CE
__end_of_dpowers                                              mediumconst  0079B7
__end_of_main                                                 text0        0021BA
__end_of_sprintf                                              text14       0007FC
__end_of_strlen                                               text30       001F42
__end_ofi2___awmod                                            text47       0018E4
__end_ofi2___lwmod                                            text49       001EA8
__initialization                                              cinit        001752
__mediumconst                                                 mediumconst  00798E
__pbssBANK0                                                   bssBANK0     000080
__pbssBANK1                                                   bssBANK1     000100
__pbssBANK2                                                   bssBANK2     000200
__pbssBANK3                                                   bssBANK3     000300
__pbssCOMRAM                                                  bssCOMRAM    00005D
__pcinit                                                      cinit        001752
__pcstackBANK0                                                cstackBANK0  0000C6
__pcstackBANK1                                                cstackBANK1  0001DC
__pcstackCOMRAM                                               cstackCOMRAM 000001
__pdataBANK0                                                  dataBANK0    0000EF
__pdataCOMRAM                                                 dataCOMRAM   00006A
__pidataBANK0                                                 idataBANK0   0021BE
__pidataCOMRAM                                                idataCOMRAM  0021BA
__pintcode                                                    intcode      000008
__pmediumconst                                                mediumconst  00798E
__ptext0                                                      text0        0021AC
__ptext1                                                      text1        000DE2
__ptext10                                                     text10       001B94
__ptext11                                                     text11       001D0A
__ptext12                                                     text12       002172
__ptext13                                                     text13       001112
__ptext14                                                     text14       00059A
__ptext15                                                     text15       001962
__ptext16                                                     text16       001A4A
__ptext17                                                     text17       0019D6
__ptext18                                                     text18       0016C2
__ptext19                                                     text19       002186
__ptext2                                                      text2        0020BC
__ptext20                                                     text20       0020EA
__ptext21                                                     text21       001ABC
__ptext22                                                     text22       001B28
__ptext23                                                     text23       001F8C
__ptext24                                                     text24       0018E4
__ptext25                                                     text25       001482
__ptext26                                                     text26       001624
__ptext27                                                     text27       001FD6
__ptext28                                                     text28       001D60
__ptext29                                                     text29       001DB4
__ptext3                                                      text3        001F42
__ptext30                                                     text30       001EF6
__ptext31                                                     text31       00210C
__ptext32                                                     text32       001BF4
__ptext33                                                     text33       00219A
__ptext34                                                     text34       00137E
__ptext35                                                     text35       000F7C
__ptext36                                                     text36       001C54
__ptext37                                                     text37       001250
__ptext38                                                     text38       002146
__ptext39                                                     text39       00208A
__ptext4                                                      text4        0017DC
__ptext40                                                     text40       001EA8
__ptext41                                                     text41       001E08
__ptext42                                                     text42       00215C
__ptext43                                                     text43       000032
__ptext45                                                     text45       00201C
__ptext46                                                     text46       001584
__ptext47                                                     text47       001860
__ptext48                                                     text48       001CB2
__ptext49                                                     text49       001E58
__ptext5                                                      text5        00031A
__ptext50                                                     text50       00212E
__ptext6                                                      text6        000A1E
__ptext7                                                      text7        002058
__ptext8                                                      text8        0007FC
__ptext9                                                      text9        000C28
__ramtop                                                      ramtop       000600
__smallconst                                                  smallconst   000000
_cpos                                                         bssBANK0     0000C4
_dpowers                                                      mediumconst  00798F
_main                                                         text0        0021AC
_rxmessage                                                    bssBANK1     0001BE
_sprintf                                                      text14       00059A
_strlen                                                       text30       001EF6
_txmessage                                                    bssBANK2     00028C
_val                                                          bssCOMRAM    000065
btemp                                                         temp         00006E
end_of_initialization                                         cinit        0017CE
i2___awmod                                                    text47       001860
i2___awmod@counter                                            cstackCOMRAM 000005
i2___awmod@dividend                                           cstackCOMRAM 000001
i2___awmod@divisor                                            cstackCOMRAM 000003
i2___awmod@sign                                               cstackCOMRAM 000006
i2___lwmod                                                    text49       001E58
i2___lwmod@counter                                            cstackCOMRAM 000005
i2___lwmod@dividend                                           cstackCOMRAM 000001
i2___lwmod@divisor                                            cstackCOMRAM 000003
int$flags                                                     temp         00006E
intlevel0                                                     text         0021C2
intlevel1                                                     text         0021C2
intlevel2                                                     text         0021C2
intlevel3                                                     text         0021C2
isa$std                                                       (abs)        000001
isa$xinst                                                     (abs)        000000
sprintf@ap                                                    cstackCOMRAM 000039
sprintf@c                                                     cstackCOMRAM 00003B
sprintf@f                                                     cstackCOMRAM 000026
sprintf@flag                                                  cstackCOMRAM 000038
sprintf@prec                                                  cstackCOMRAM 000032
sprintf@sp                                                    cstackCOMRAM 000024
sprintf@val                                                   cstackCOMRAM 000034
stackhi                                                       (abs)        000000
stacklo                                                       (abs)        000000
start                                                         init         00002E
start_initialization                                          cinit        001752
strlen@cp                                                     cstackCOMRAM 000010
strlen@s                                                      cstackCOMRAM 00000E
ttemp5                                                        temp         00006F
ttemp6                                                        temp         000072
ttemp7                                                        temp         000076
wtemp8                                                        temp         00006F


MODULE INFORMATION

Module		Function		Class		Link	Load	Size
C:\Program Files\Microchip\xc8\v2.36\pic\sources\c90\common\doprnt.c
		_sprintf       		CODE           	059A	0000	610

C:\Program Files\Microchip\xc8\v2.36\pic\sources\c90\common\doprnt.c estimated size: 610

Src/SystemTime.c
		_SysTimeCallBack		CODE           	201C	0000	60
		_Wait_ms       		CODE           	1A4A	0000	114
		_SystimeInit   		CODE           	20EA	0000	34
		_Tick_ms       		CODE           	2146	0000	22

Src/SystemTime.c estimated size: 230

C:\Program Files\Microchip\xc8\v2.36\pic\sources\c90\common\lwmod.c
		___lwmod       		CODE           	1E08	0000	80

C:\Program Files\Microchip\xc8\v2.36\pic\sources\c90\common\lwmod.c estimated size: 80

C:\Program Files\Microchip\xc8\v2.36\pic\sources\c90\common\awmod.c
		___awmod       		CODE           	17DC	0000	132

C:\Program Files\Microchip\xc8\v2.36\pic\sources\c90\common\awmod.c estimated size: 132

C:/EmbeddedDevOps/M8M_APIs/PIC18.X/Src/ISR.c
		_Isr           		CODE           	0008	0000	38

C:/EmbeddedDevOps/M8M_APIs/PIC18.X/Src/ISR.c estimated size: 38

C:\Program Files\Microchip\xc8\v2.36\pic\sources\c90\common\llmod.c
		___llmod       		CODE           	1962	0000	116

C:\Program Files\Microchip\xc8\v2.36\pic\sources\c90\common\llmod.c estimated size: 116

Src/SIM800x.c
		_SIM800xInit   		CODE           	1112	0000	318
		_SIM800xIPSetConnectionType		CODE           	1ABC	0000	108
		_SIM800xIPOpen 		CODE           	1F8C	0000	74
		_SIM800xIPGetState		CODE           	1482	0000	258
		_SIM800xHTTPAction		CODE           	07FC	0000	546
		_SIM800xHTTPInputData		CODE           	0A1E	0000	522
		_SIM800xIPSetAPN		CODE           	1B28	0000	108
		_StrToInt      		CODE           	0F7C	0000	406
		_SIM800xHTTPSetContent		CODE           	1DB4	0000	84
		_SIM800xHTTPRead		CODE           	031A	0000	640
		_SIM800xHTTPInit		CODE           	210C	0000	34
		_SIM800xHTTPSetURL		CODE           	1D60	0000	84
		_ProcessResp1  		CODE           	18E4	0000	126
		_ProcessResp2  		CODE           	1624	0000	158
		_ProcessResp4  		CODE           	137E	0000	260

Src/SIM800x.c estimated size: 3726

Src/JSON.c
		_AddEntryToJsonObject		CODE           	0032	0000	744

Src/JSON.c estimated size: 744

C:\Program Files\Microchip\xc8\v2.36\pic\sources\c90\common\__lldiv.c
		___lldiv       		CODE           	16C2	0000	144

C:\Program Files\Microchip\xc8\v2.36\pic\sources\c90\common\__lldiv.c estimated size: 144

Src/ApplicationExample.c
		_SystemTask    		CODE           	0DE2	0000	410
		_SystemInit    		CODE           	0C28	0000	442

Src/ApplicationExample.c estimated size: 852

shared
		_dpowers       		MEDIUMCONST    	798F	0000	40
		i2___lwmod     		CODE           	1E58	0000	80
		_OSC_FREQ      		MEDIUMCONST    	0000	0000	0
		__initialization		CODE           	1752	0000	124
		i2___awmod     		CODE           	1860	0000	132

shared estimated size: 376

C:\Program Files\Microchip\xc8\v2.36\pic\sources\c90\common\Umul32.c
		___lmul        		CODE           	1C54	0000	94

C:\Program Files\Microchip\xc8\v2.36\pic\sources\c90\common\Umul32.c estimated size: 94

Src/SoftwareUART.c
		_SoftUARTReceiveByte		CODE           	1F42	0000	74
		_SoftUARTInit  		CODE           	2172	0000	20
		_SoftUARTCallBack		CODE           	1584	0000	160
		_SoftUARTPrint 		CODE           	1B94	0000	96
		_SoftUARTTransmitByte		CODE           	1D0A	0000	86
		_SoftUARTRxAvailable		CODE           	20BC	0000	46

Src/SoftwareUART.c estimated size: 482

Src/main.c
		_main          		CODE           	21AC	0000	14

Src/main.c estimated size: 14

C:\Program Files\Microchip\xc8\v2.36\pic\sources\c90\common\strlen.c
		_strlen        		CODE           	1EF6	0000	76

C:\Program Files\Microchip\xc8\v2.36\pic\sources\c90\common\strlen.c estimated size: 76

C:/EmbeddedDevOps/M8M_APIs/PIC18.X/Src/USART.c
		_USARTAsyncInit		CODE           	2186	0000	20
		_USARTReceiveByte		CODE           	212E	0000	24

C:/EmbeddedDevOps/M8M_APIs/PIC18.X/Src/USART.c estimated size: 44

Src/SIM800x_SDM.c
		_SIM800xSDMRxAvailable		CODE           	208A	0000	50
		_SIM800xSDMPeek		CODE           	1FD6	0000	70
		_SIM800xSDMInit		CODE           	19D6	0000	116
		_SIM800xSDMCallBack		CODE           	1CB2	0000	88
		_SIM800xSDMSendBytes		CODE           	2058	0000	50
		_SIM800xSDMReadByte		CODE           	1EA8	0000	78
		_SIM800xSDMSendByte		CODE           	219A	0000	18
		_SIM800xSDMFlush		CODE           	215C	0000	22
		_SIM800xSDMPrint		CODE           	1BF4	0000	96
		_SIM800xSDMReadF1Pkt		CODE           	1250	0000	302

Src/SIM800x_SDM.c estimated size: 890

